id,name,alt_names,network,owners,country,subdivision,city,broadcast_area,languages,categories,is_nsfw,launched,closed,replaced_by,website,logo
beINMoviesTurk.tr,beIN Movies Turk,beIN Movies Türk,,,TR,,Beijing,c/TR,tur,movies,FALSE,1979-05-16,,,http://www.digiturk.com.tr/,https://i.imgur.com/nw8Sa2z.png
M5.hu,M5,,,Duna Médiaszolgáltató Nonprofit Zrt.,HU,,,c/HU,hun,,FALSE,,,,https://www.mediaklikk.hu/m5/,https://i.imgur.com/y21wFd0.png
WenzhouEconomicandEducation.cn,Wenzhou Economic and Education,,,,CN,,Wenzhou,c/CN,zho,science,FALSE,,,,,https://www.tvchinese.net/uploads/tv/wzjjkj.jpg
YiwuBusinessChannel.cn,Yiwu Business Channel,,,,CN,,,c/CN,zho,business,FALSE,,,,,https://www.tvchinese.net/uploads/tv/yiwutv.jpg
YiwuNewsIntegratedChannel.cn,Yiwu News Integrated Channel,,,,CN,,,c/CN,zho,news,FALSE,,,,,https://www.tvchinese.net/uploads/tv/yiwutv.jpg